  ╨Ю╨┐╤А╨╡╨┤╨╡╨╗╨╡╨╜╨╕╨╡ ╨┐╤А╨╛╨╡╨║╤В╨╛╨▓ ╨┤╨╗╤П ╨▓╨╛╤Б╤Б╤В╨░╨╜╨╛╨▓╨╗╨╡╨╜╨╕╤П...
  ╨Т╤Б╨╡ ╨┐╤А╨╛╨╡╨║╤В╤Л ╨╛╨▒╨╜╨╛╨▓╨╗╨╡╨╜╤Л ╨┤╨╗╤П ╨▓╨╛╤Б╤Б╤В╨░╨╜╨╛╨▓╨╗╨╡╨╜╨╕╤П.
C:\Users\Asus\Desktop\.NET\Project1\project1\Services\ISalesforceService.cs(8,69): warning CS8625: ╨Ы╨╕╤В╨╡╤А╨░╨╗, ╤А╨░╨▓╨╜╤Л╨╣ NULL, ╨╜╨╡ ╨╝╨╛╨╢╨╡╤В ╨▒╤Л╤В╤М ╨┐╤А╨╡╨╛╨▒╤А╨░╨╖╨╛╨▓╨░╨╜ ╨▓ ╤Б╤Б╤Л╨╗╨╛╤З╨╜╤Л╨╣ ╤В╨╕╨┐, ╨╜╨╡ ╨┤╨╛╨┐╤Г╤Б╨║╨░╤О╤Й╨╕╨╣ ╨╖╨╜╨░╤З╨╡╨╜╨╕╨╡ NULL. [C:\Users\Asus\Desktop\.NET\Project1\project1\UserManagementApp.csproj]
C:\Users\Asus\Desktop\.NET\Project1\project1\Services\ISalesforceService.cs(8,92): warning CS8625: ╨Ы╨╕╤В╨╡╤А╨░╨╗, ╤А╨░╨▓╨╜╤Л╨╣ NULL, ╨╜╨╡ ╨╝╨╛╨╢╨╡╤В ╨▒╤Л╤В╤М ╨┐╤А╨╡╨╛╨▒╤А╨░╨╖╨╛╨▓╨░╨╜ ╨▓ ╤Б╤Б╤Л╨╗╨╛╤З╨╜╤Л╨╣ ╤В╨╕╨┐, ╨╜╨╡ ╨┤╨╛╨┐╤Г╤Б╨║╨░╤О╤Й╨╕╨╣ ╨╖╨╜╨░╤З╨╡╨╜╨╕╨╡ NULL. [C:\Users\Asus\Desktop\.NET\Project1\project1\UserManagementApp.csproj]
C:\Users\Asus\Desktop\.NET\Project1\project1\Services\ISalesforceService.cs(9,123): warning CS8625: ╨Ы╨╕╤В╨╡╤А╨░╨╗, ╤А╨░╨▓╨╜╤Л╨╣ NULL, ╨╜╨╡ ╨╝╨╛╨╢╨╡╤В ╨▒╤Л╤В╤М ╨┐╤А╨╡╨╛╨▒╤А╨░╨╖╨╛╨▓╨░╨╜ ╨▓ ╤Б╤Б╤Л╨╗╨╛╤З╨╜╤Л╨╣ ╤В╨╕╨┐, ╨╜╨╡ ╨┤╨╛╨┐╤Г╤Б╨║╨░╤О╤Й╨╕╨╣ ╨╖╨╜╨░╤З╨╡╨╜╨╕╨╡ NULL. [C:\Users\Asus\Desktop\.NET\Project1\project1\UserManagementApp.csproj]
C:\Users\Asus\Desktop\.NET\Project1\project1\Services\ISalesforceService.cs(9,149): warning CS8625: ╨Ы╨╕╤В╨╡╤А╨░╨╗, ╤А╨░╨▓╨╜╤Л╨╣ NULL, ╨╜╨╡ ╨╝╨╛╨╢╨╡╤В ╨▒╤Л╤В╤М ╨┐╤А╨╡╨╛╨▒╤А╨░╨╖╨╛╨▓╨░╨╜ ╨▓ ╤Б╤Б╤Л╨╗╨╛╤З╨╜╤Л╨╣ ╤В╨╕╨┐, ╨╜╨╡ ╨┤╨╛╨┐╤Г╤Б╨║╨░╤О╤Й╨╕╨╣ ╨╖╨╜╨░╤З╨╡╨╜╨╕╨╡ NULL. [C:\Users\Asus\Desktop\.NET\Project1\project1\UserManagementApp.csproj]
C:\Users\Asus\Desktop\.NET\Project1\project1\Services\SalesforceService.cs(65,82): warning CS8625: ╨Ы╨╕╤В╨╡╤А╨░╨╗, ╤А╨░╨▓╨╜╤Л╨╣ NULL, ╨╜╨╡ ╨╝╨╛╨╢╨╡╤В ╨▒╤Л╤В╤М ╨┐╤А╨╡╨╛╨▒╤А╨░╨╖╨╛╨▓╨░╨╜ ╨▓ ╤Б╤Б╤Л╨╗╨╛╤З╨╜╤Л╨╣ ╤В╨╕╨┐, ╨╜╨╡ ╨┤╨╛╨┐╤Г╤Б╨║╨░╤О╤Й╨╕╨╣ ╨╖╨╜╨░╤З╨╡╨╜╨╕╨╡ NULL. [C:\Users\Asus\Desktop\.NET\Project1\project1\UserManagementApp.csproj]
C:\Users\Asus\Desktop\.NET\Project1\project1\Services\SalesforceService.cs(65,105): warning CS8625: ╨Ы╨╕╤В╨╡╤А╨░╨╗, ╤А╨░╨▓╨╜╤Л╨╣ NULL, ╨╜╨╡ ╨╝╨╛╨╢╨╡╤В ╨▒╤Л╤В╤М ╨┐╤А╨╡╨╛╨▒╤А╨░╨╖╨╛╨▓╨░╨╜ ╨▓ ╤Б╤Б╤Л╨╗╨╛╤З╨╜╤Л╨╣ ╤В╨╕╨┐, ╨╜╨╡ ╨┤╨╛╨┐╤Г╤Б╨║╨░╤О╤Й╨╕╨╣ ╨╖╨╜╨░╤З╨╡╨╜╨╕╨╡ NULL. [C:\Users\Asus\Desktop\.NET\Project1\project1\UserManagementApp.csproj]
C:\Users\Asus\Desktop\.NET\Project1\project1\Services\SalesforceService.cs(94,136): warning CS8625: ╨Ы╨╕╤В╨╡╤А╨░╨╗, ╤А╨░╨▓╨╜╤Л╨╣ NULL, ╨╜╨╡ ╨╝╨╛╨╢╨╡╤В ╨▒╤Л╤В╤М ╨┐╤А╨╡╨╛╨▒╤А╨░╨╖╨╛╨▓╨░╨╜ ╨▓ ╤Б╤Б╤Л╨╗╨╛╤З╨╜╤Л╨╣ ╤В╨╕╨┐, ╨╜╨╡ ╨┤╨╛╨┐╤Г╤Б╨║╨░╤О╤Й╨╕╨╣ ╨╖╨╜╨░╤З╨╡╨╜╨╕╨╡ NULL. [C:\Users\Asus\Desktop\.NET\Project1\project1\UserManagementApp.csproj]
C:\Users\Asus\Desktop\.NET\Project1\project1\Services\SalesforceService.cs(94,162): warning CS8625: ╨Ы╨╕╤В╨╡╤А╨░╨╗, ╤А╨░╨▓╨╜╤Л╨╣ NULL, ╨╜╨╡ ╨╝╨╛╨╢╨╡╤В ╨▒╤Л╤В╤М ╨┐╤А╨╡╨╛╨▒╤А╨░╨╖╨╛╨▓╨░╨╜ ╨▓ ╤Б╤Б╤Л╨╗╨╛╤З╨╜╤Л╨╣ ╤В╨╕╨┐, ╨╜╨╡ ╨┤╨╛╨┐╤Г╤Б╨║╨░╤О╤Й╨╕╨╣ ╨╖╨╜╨░╤З╨╡╨╜╨╕╨╡ NULL. [C:\Users\Asus\Desktop\.NET\Project1\project1\UserManagementApp.csproj]
C:\Users\Asus\Desktop\.NET\Project1\project1\Services\SalesforceService.cs(19,16): warning CS8618: ╨┐╨╛╨╗╨╡ "_accessToken", ╨╜╨╡ ╨┤╨╛╨┐╤Г╤Б╨║╨░╤О╤Й╨╕╨╣ ╨╖╨╜╨░╤З╨╡╨╜╨╕╤П NULL, ╨┤╨╛╨╗╨╢╨╡╨╜ ╤Б╨╛╨┤╨╡╤А╨╢╨░╤В╤М ╨╖╨╜╨░╤З╨╡╨╜╨╕╨╡, ╨╛╤В╨╗╨╕╤З╨╜╨╛╨╡ ╨╛╤В NULL, ╨┐╤А╨╕ ╨▓╤Л╤Е╨╛╨┤╨╡ ╨╕╨╖ ╨║╨╛╨╜╤Б╤В╤А╤Г╨║╤В╨╛╤А╨░. ╨а╨░╤Б╤Б╨╝╨╛╤В╤А╨╕╤В╨╡ ╨▓╨╛╨╖╨╝╨╛╨╢╨╜╨╛╤Б╤В╤М ╨┤╨╛╨▒╨░╨▓╨╗╨╡╨╜╨╕╤П ╨╝╨╛╨┤╨╕╤Д╨╕╨║╨░╤В╨╛╤А╨░ "required" ╨╕╨╗╨╕ ╨╛╨▒╤К╤П╨▓╨╗╨╡╨╜╨╕╤П ╨╖╨╜╨░╤З╨╡╨╜╨╕╤П ╨┐╨╛╨╗╨╡, ╨┤╨╛╨┐╤Г╤Б╨║╨░╤О╤Й╨╡╨│╨╛ ╨╖╨╜╨░╤З╨╡╨╜╨╕╨╡ NULL. [C:\Users\Asus\Desktop\.NET\Project1\project1\UserManagementApp.csproj]
C:\Users\Asus\Desktop\.NET\Project1\project1\Services\SalesforceService.cs(41,63): warning CS8604: ╨Т╨╛╨╖╨╝╨╛╨╢╨╜╨╛, ╨░╤А╨│╤Г╨╝╨╡╨╜╤В-╤Б╤Б╤Л╨╗╨║╨░, ╨┤╨╛╨┐╤Г╤Б╨║╨░╤О╤Й╨╕╨╣ ╨╖╨╜╨░╤З╨╡╨╜╨╕╨╡ NULL, ╨┤╨╗╤П ╨┐╨░╤А╨░╨╝╨╡╤В╤А╨░ "value" ╨▓ "KeyValuePair<string, string>.KeyValuePair(string key, string value)". [C:\Users\Asus\Desktop\.NET\Project1\project1\UserManagementApp.csproj]
C:\Users\Asus\Desktop\.NET\Project1\project1\Services\SalesforceService.cs(42,67): warning CS8604: ╨Т╨╛╨╖╨╝╨╛╨╢╨╜╨╛, ╨░╤А╨│╤Г╨╝╨╡╨╜╤В-╤Б╤Б╤Л╨╗╨║╨░, ╨┤╨╛╨┐╤Г╤Б╨║╨░╤О╤Й╨╕╨╣ ╨╖╨╜╨░╤З╨╡╨╜╨╕╨╡ NULL, ╨┤╨╗╤П ╨┐╨░╤А╨░╨╝╨╡╤В╤А╨░ "value" ╨▓ "KeyValuePair<string, string>.KeyValuePair(string key, string value)". [C:\Users\Asus\Desktop\.NET\Project1\project1\UserManagementApp.csproj]
C:\Users\Asus\Desktop\.NET\Project1\project1\Services\SalesforceService.cs(43,62): warning CS8604: ╨Т╨╛╨╖╨╝╨╛╨╢╨╜╨╛, ╨░╤А╨│╤Г╨╝╨╡╨╜╤В-╤Б╤Б╤Л╨╗╨║╨░, ╨┤╨╛╨┐╤Г╤Б╨║╨░╤О╤Й╨╕╨╣ ╨╖╨╜╨░╤З╨╡╨╜╨╕╨╡ NULL, ╨┤╨╗╤П ╨┐╨░╤А╨░╨╝╨╡╤В╤А╨░ "value" ╨▓ "KeyValuePair<string, string>.KeyValuePair(string key, string value)". [C:\Users\Asus\Desktop\.NET\Project1\project1\UserManagementApp.csproj]
C:\Users\Asus\Desktop\.NET\Project1\project1\Services\SalesforceService.cs(44,62): warning CS8604: ╨Т╨╛╨╖╨╝╨╛╨╢╨╜╨╛, ╨░╤А╨│╤Г╨╝╨╡╨╜╤В-╤Б╤Б╤Л╨╗╨║╨░, ╨┤╨╛╨┐╤Г╤Б╨║╨░╤О╤Й╨╕╨╣ ╨╖╨╜╨░╤З╨╡╨╜╨╕╨╡ NULL, ╨┤╨╗╤П ╨┐╨░╤А╨░╨╝╨╡╤В╤А╨░ "value" ╨▓ "KeyValuePair<string, string>.KeyValuePair(string key, string value)". [C:\Users\Asus\Desktop\.NET\Project1\project1\UserManagementApp.csproj]
C:\Users\Asus\Desktop\.NET\Project1\project1\Services\SalesforceService.cs(57,28): warning CS8601: ╨Т╨╛╨╖╨╝╨╛╨╢╨╜╨╛, ╨╜╨░╨╖╨╜╨░╤З╨╡╨╜╨╕╨╡-╤Б╤Б╤Л╨╗╨║╨░, ╨┤╨╛╨┐╤Г╤Б╨║╨░╤О╤Й╨╡╨╡ ╨╖╨╜╨░╤З╨╡╨╜╨╕╨╡ NULL. [C:\Users\Asus\Desktop\.NET\Project1\project1\UserManagementApp.csproj]
C:\Users\Asus\Desktop\.NET\Project1\project1\Services\SalesforceService.cs(62,20): warning CS8603: ╨Т╨╛╨╖╨╝╨╛╨╢╨╜╨╛, ╨▓╨╛╨╖╨▓╤А╨░╤В ╤Б╤Б╤Л╨╗╨║╨╕, ╨┤╨╛╨┐╤Г╤Б╨║╨░╤О╤Й╨╡╨╣ ╨╖╨╜╨░╤З╨╡╨╜╨╕╨╡ NULL. [C:\Users\Asus\Desktop\.NET\Project1\project1\UserManagementApp.csproj]
C:\Users\Asus\Desktop\.NET\Project1\project1\Services\SalesforceService.cs(91,20): warning CS8603: ╨Т╨╛╨╖╨╝╨╛╨╢╨╜╨╛, ╨▓╨╛╨╖╨▓╤А╨░╤В ╤Б╤Б╤Л╨╗╨║╨╕, ╨┤╨╛╨┐╤Г╤Б╨║╨░╤О╤Й╨╡╨╣ ╨╖╨╜╨░╤З╨╡╨╜╨╕╨╡ NULL. [C:\Users\Asus\Desktop\.NET\Project1\project1\UserManagementApp.csproj]
C:\Users\Asus\Desktop\.NET\Project1\project1\Services\SalesforceService.cs(123,20): warning CS8603: ╨Т╨╛╨╖╨╝╨╛╨╢╨╜╨╛, ╨▓╨╛╨╖╨▓╤А╨░╤В ╤Б╤Б╤Л╨╗╨║╨╕, ╨┤╨╛╨┐╤Г╤Б╨║╨░╤О╤Й╨╡╨╣ ╨╖╨╜╨░╤З╨╡╨╜╨╕╨╡ NULL. [C:\Users\Asus\Desktop\.NET\Project1\project1\UserManagementApp.csproj]
C:\Users\Asus\Desktop\.NET\Project1\project1\Shared\SalesforceSyncModal.razor(95,25): warning CS8625: ╨Ы╨╕╤В╨╡╤А╨░╨╗, ╤А╨░╨▓╨╜╤Л╨╣ NULL, ╨╜╨╡ ╨╝╨╛╨╢╨╡╤В ╨▒╤Л╤В╤М ╨┐╤А╨╡╨╛╨▒╤А╨░╨╖╨╛╨▓╨░╨╜ ╨▓ ╤Б╤Б╤Л╨╗╨╛╤З╨╜╤Л╨╣ ╤В╨╕╨┐, ╨╜╨╡ ╨┤╨╛╨┐╤Г╤Б╨║╨░╤О╤Й╨╕╨╣ ╨╖╨╜╨░╤З╨╡╨╜╨╕╨╡ NULL. [C:\Users\Asus\Desktop\.NET\Project1\project1\UserManagementApp.csproj]
C:\Users\Asus\Desktop\.NET\Project1\project1\Shared\SalesforceSyncModal.razor(104,25): warning CS8625: ╨Ы╨╕╤В╨╡╤А╨░╨╗, ╤А╨░╨▓╨╜╤Л╨╣ NULL, ╨╜╨╡ ╨╝╨╛╨╢╨╡╤В ╨▒╤Л╤В╤М ╨┐╤А╨╡╨╛╨▒╤А╨░╨╖╨╛╨▓╨░╨╜ ╨▓ ╤Б╤Б╤Л╨╗╨╛╤З╨╜╤Л╨╣ ╤В╨╕╨┐, ╨╜╨╡ ╨┤╨╛╨┐╤Г╤Б╨║╨░╤О╤Й╨╕╨╣ ╨╖╨╜╨░╤З╨╡╨╜╨╕╨╡ NULL. [C:\Users\Asus\Desktop\.NET\Project1\project1\UserManagementApp.csproj]
C:\Users\Asus\Desktop\.NET\Project1\project1\Shared\SalesforceSyncModal.razor(121,17): warning CS8604: ╨Т╨╛╨╖╨╝╨╛╨╢╨╜╨╛, ╨░╤А╨│╤Г╨╝╨╡╨╜╤В-╤Б╤Б╤Л╨╗╨║╨░, ╨┤╨╛╨┐╤Г╤Б╨║╨░╤О╤Й╨╕╨╣ ╨╖╨╜╨░╤З╨╡╨╜╨╕╨╡ NULL, ╨┤╨╗╤П ╨┐╨░╤А╨░╨╝╨╡╤В╤А╨░ "email" ╨▓ "Task<string> ISalesforceService.CreateContactAsync(string accountId, string firstName, string lastName, string email, string title = null, string department = null)". [C:\Users\Asus\Desktop\.NET\Project1\project1\UserManagementApp.csproj]
C:\Users\Asus\Desktop\.NET\Project1\project1\Shared\SalesforceSyncModal.razor(87,29): warning CS8618: ╤Б╨▓╨╛╨╣╤Б╤В╨▓╨╛ "TargetUser", ╨╜╨╡ ╨┤╨╛╨┐╤Г╤Б╨║╨░╤О╤Й╨╕╨╣ ╨╖╨╜╨░╤З╨╡╨╜╨╕╤П NULL, ╨┤╨╛╨╗╨╢╨╡╨╜ ╤Б╨╛╨┤╨╡╤А╨╢╨░╤В╤М ╨╖╨╜╨░╤З╨╡╨╜╨╕╨╡, ╨╛╤В╨╗╨╕╤З╨╜╨╛╨╡ ╨╛╤В NULL, ╨┐╤А╨╕ ╨▓╤Л╤Е╨╛╨┤╨╡ ╨╕╨╖ ╨║╨╛╨╜╤Б╤В╤А╤Г╨║╤В╨╛╤А╨░. ╨а╨░╤Б╤Б╨╝╨╛╤В╤А╨╕╤В╨╡ ╨▓╨╛╨╖╨╝╨╛╨╢╨╜╨╛╤Б╤В╤М ╨┤╨╛╨▒╨░╨▓╨╗╨╡╨╜╨╕╤П ╨╝╨╛╨┤╨╕╤Д╨╕╨║╨░╤В╨╛╤А╨░ "required" ╨╕╨╗╨╕ ╨╛╨▒╤К╤П╨▓╨╗╨╡╨╜╨╕╤П ╨╖╨╜╨░╤З╨╡╨╜╨╕╤П ╤Б╨▓╨╛╨╣╤Б╤В╨▓╨╛, ╨┤╨╛╨┐╤Г╤Б╨║╨░╤О╤Й╨╡╨│╨╛ ╨╖╨╜╨░╤З╨╡╨╜╨╕╨╡ NULL. [C:\Users\Asus\Desktop\.NET\Project1\project1\UserManagementApp.csproj]
C:\Users\Asus\Desktop\.NET\Project1\project1\Shared\SalesforceSyncModal.razor(91,20): warning CS8618: ╨┐╨╛╨╗╨╡ "_errorMessage", ╨╜╨╡ ╨┤╨╛╨┐╤Г╤Б╨║╨░╤О╤Й╨╕╨╣ ╨╖╨╜╨░╤З╨╡╨╜╨╕╤П NULL, ╨┤╨╛╨╗╨╢╨╡╨╜ ╤Б╨╛╨┤╨╡╤А╨╢╨░╤В╤М ╨╖╨╜╨░╤З╨╡╨╜╨╕╨╡, ╨╛╤В╨╗╨╕╤З╨╜╨╛╨╡ ╨╛╤В NULL, ╨┐╤А╨╕ ╨▓╤Л╤Е╨╛╨┤╨╡ ╨╕╨╖ ╨║╨╛╨╜╤Б╤В╤А╤Г╨║╤В╨╛╤А╨░. ╨а╨░╤Б╤Б╨╝╨╛╤В╤А╨╕╤В╨╡ ╨▓╨╛╨╖╨╝╨╛╨╢╨╜╨╛╤Б╤В╤М ╨┤╨╛╨▒╨░╨▓╨╗╨╡╨╜╨╕╤П ╨╝╨╛╨┤╨╕╤Д╨╕╨║╨░╤В╨╛╤А╨░ "required" ╨╕╨╗╨╕ ╨╛╨▒╤К╤П╨▓╨╗╨╡╨╜╨╕╤П ╨╖╨╜╨░╤З╨╡╨╜╨╕╤П ╨┐╨╛╨╗╨╡, ╨┤╨╛╨┐╤Г╤Б╨║╨░╤О╤Й╨╡╨│╨╛ ╨╖╨╜╨░╤З╨╡╨╜╨╕╨╡ NULL. [C:\Users\Asus\Desktop\.NET\Project1\project1\UserManagementApp.csproj]
C:\Users\Asus\Desktop\.NET\Project1\project1\Shared\SalesforceSyncModal.razor(142,23): warning CS8618: ╤Б╨▓╨╛╨╣╤Б╤В╨▓╨╛ "CompanyName", ╨╜╨╡ ╨┤╨╛╨┐╤Г╤Б╨║╨░╤О╤Й╨╕╨╣ ╨╖╨╜╨░╤З╨╡╨╜╨╕╤П NULL, ╨┤╨╛╨╗╨╢╨╡╨╜ ╤Б╨╛╨┤╨╡╤А╨╢╨░╤В╤М ╨╖╨╜╨░╤З╨╡╨╜╨╕╨╡, ╨╛╤В╨╗╨╕╤З╨╜╨╛╨╡ ╨╛╤В NULL, ╨┐╤А╨╕ ╨▓╤Л╤Е╨╛╨┤╨╡ ╨╕╨╖ ╨║╨╛╨╜╤Б╤В╤А╤Г╨║╤В╨╛╤А╨░. ╨а╨░╤Б╤Б╨╝╨╛╤В╤А╨╕╤В╨╡ ╨▓╨╛╨╖╨╝╨╛╨╢╨╜╨╛╤Б╤В╤М ╨┤╨╛╨▒╨░╨▓╨╗╨╡╨╜╨╕╤П ╨╝╨╛╨┤╨╕╤Д╨╕╨║╨░╤В╨╛╤А╨░ "required" ╨╕╨╗╨╕ ╨╛╨▒╤К╤П╨▓╨╗╨╡╨╜╨╕╤П ╨╖╨╜╨░╤З╨╡╨╜╨╕╤П ╤Б╨▓╨╛╨╣╤Б╤В╨▓╨╛, ╨┤╨╛╨┐╤Г╤Б╨║╨░╤О╤Й╨╡╨│╨╛ ╨╖╨╜╨░╤З╨╡╨╜╨╕╨╡ NULL. [C:\Users\Asus\Desktop\.NET\Project1\project1\UserManagementApp.csproj]
C:\Users\Asus\Desktop\.NET\Project1\project1\Shared\SalesforceSyncModal.razor(143,23): warning CS8618: ╤Б╨▓╨╛╨╣╤Б╤В╨▓╨╛ "Phone", ╨╜╨╡ ╨┤╨╛╨┐╤Г╤Б╨║╨░╤О╤Й╨╕╨╣ ╨╖╨╜╨░╤З╨╡╨╜╨╕╤П NULL, ╨┤╨╛╨╗╨╢╨╡╨╜ ╤Б╨╛╨┤╨╡╤А╨╢╨░╤В╤М ╨╖╨╜╨░╤З╨╡╨╜╨╕╨╡, ╨╛╤В╨╗╨╕╤З╨╜╨╛╨╡ ╨╛╤В NULL, ╨┐╤А╨╕ ╨▓╤Л╤Е╨╛╨┤╨╡ ╨╕╨╖ ╨║╨╛╨╜╤Б╤В╤А╤Г╨║╤В╨╛╤А╨░. ╨а╨░╤Б╤Б╨╝╨╛╤В╤А╨╕╤В╨╡ ╨▓╨╛╨╖╨╝╨╛╨╢╨╜╨╛╤Б╤В╤М ╨┤╨╛╨▒╨░╨▓╨╗╨╡╨╜╨╕╤П ╨╝╨╛╨┤╨╕╤Д╨╕╨║╨░╤В╨╛╤А╨░ "required" ╨╕╨╗╨╕ ╨╛╨▒╤К╤П╨▓╨╗╨╡╨╜╨╕╤П ╨╖╨╜╨░╤З╨╡╨╜╨╕╤П ╤Б╨▓╨╛╨╣╤Б╤В╨▓╨╛, ╨┤╨╛╨┐╤Г╤Б╨║╨░╤О╤Й╨╡╨│╨╛ ╨╖╨╜╨░╤З╨╡╨╜╨╕╨╡ NULL. [C:\Users\Asus\Desktop\.NET\Project1\project1\UserManagementApp.csproj]
C:\Users\Asus\Desktop\.NET\Project1\project1\Shared\SalesforceSyncModal.razor(144,23): warning CS8618: ╤Б╨▓╨╛╨╣╤Б╤В╨▓╨╛ "Website", ╨╜╨╡ ╨┤╨╛╨┐╤Г╤Б╨║╨░╤О╤Й╨╕╨╣ ╨╖╨╜╨░╤З╨╡╨╜╨╕╤П NULL, ╨┤╨╛╨╗╨╢╨╡╨╜ ╤Б╨╛╨┤╨╡╤А╨╢╨░╤В╤М ╨╖╨╜╨░╤З╨╡╨╜╨╕╨╡, ╨╛╤В╨╗╨╕╤З╨╜╨╛╨╡ ╨╛╤В NULL, ╨┐╤А╨╕ ╨▓╤Л╤Е╨╛╨┤╨╡ ╨╕╨╖ ╨║╨╛╨╜╤Б╤В╤А╤Г╨║╤В╨╛╤А╨░. ╨а╨░╤Б╤Б╨╝╨╛╤В╤А╨╕╤В╨╡ ╨▓╨╛╨╖╨╝╨╛╨╢╨╜╨╛╤Б╤В╤М ╨┤╨╛╨▒╨░╨▓╨╗╨╡╨╜╨╕╤П ╨╝╨╛╨┤╨╕╤Д╨╕╨║╨░╤В╨╛╤А╨░ "required" ╨╕╨╗╨╕ ╨╛╨▒╤К╤П╨▓╨╗╨╡╨╜╨╕╤П ╨╖╨╜╨░╤З╨╡╨╜╨╕╤П ╤Б╨▓╨╛╨╣╤Б╤В╨▓╨╛, ╨┤╨╛╨┐╤Г╤Б╨║╨░╤О╤Й╨╡╨│╨╛ ╨╖╨╜╨░╤З╨╡╨╜╨╕╨╡ NULL. [C:\Users\Asus\Desktop\.NET\Project1\project1\UserManagementApp.csproj]
C:\Users\Asus\Desktop\.NET\Project1\project1\Shared\SalesforceSyncModal.razor(145,23): warning CS8618: ╤Б╨▓╨╛╨╣╤Б╤В╨▓╨╛ "JobTitle", ╨╜╨╡ ╨┤╨╛╨┐╤Г╤Б╨║╨░╤О╤Й╨╕╨╣ ╨╖╨╜╨░╤З╨╡╨╜╨╕╤П NULL, ╨┤╨╛╨╗╨╢╨╡╨╜ ╤Б╨╛╨┤╨╡╤А╨╢╨░╤В╤М ╨╖╨╜╨░╤З╨╡╨╜╨╕╨╡, ╨╛╤В╨╗╨╕╤З╨╜╨╛╨╡ ╨╛╤В NULL, ╨┐╤А╨╕ ╨▓╤Л╤Е╨╛╨┤╨╡ ╨╕╨╖ ╨║╨╛╨╜╤Б╤В╤А╤Г╨║╤В╨╛╤А╨░. ╨а╨░╤Б╤Б╨╝╨╛╤В╤А╨╕╤В╨╡ ╨▓╨╛╨╖╨╝╨╛╨╢╨╜╨╛╤Б╤В╤М ╨┤╨╛╨▒╨░╨▓╨╗╨╡╨╜╨╕╤П ╨╝╨╛╨┤╨╕╤Д╨╕╨║╨░╤В╨╛╤А╨░ "required" ╨╕╨╗╨╕ ╨╛╨▒╤К╤П╨▓╨╗╨╡╨╜╨╕╤П ╨╖╨╜╨░╤З╨╡╨╜╨╕╤П ╤Б╨▓╨╛╨╣╤Б╤В╨▓╨╛, ╨┤╨╛╨┐╤Г╤Б╨║╨░╤О╤Й╨╡╨│╨╛ ╨╖╨╜╨░╤З╨╡╨╜╨╕╨╡ NULL. [C:\Users\Asus\Desktop\.NET\Project1\project1\UserManagementApp.csproj]
C:\Users\Asus\Desktop\.NET\Project1\project1\Shared\SalesforceSyncModal.razor(146,23): warning CS8618: ╤Б╨▓╨╛╨╣╤Б╤В╨▓╨╛ "Department", ╨╜╨╡ ╨┤╨╛╨┐╤Г╤Б╨║╨░╤О╤Й╨╕╨╣ ╨╖╨╜╨░╤З╨╡╨╜╨╕╤П NULL, ╨┤╨╛╨╗╨╢╨╡╨╜ ╤Б╨╛╨┤╨╡╤А╨╢╨░╤В╤М ╨╖╨╜╨░╤З╨╡╨╜╨╕╨╡, ╨╛╤В╨╗╨╕╤З╨╜╨╛╨╡ ╨╛╤В NULL, ╨┐╤А╨╕ ╨▓╤Л╤Е╨╛╨┤╨╡ ╨╕╨╖ ╨║╨╛╨╜╤Б╤В╤А╤Г╨║╤В╨╛╤А╨░. ╨а╨░╤Б╤Б╨╝╨╛╤В╤А╨╕╤В╨╡ ╨▓╨╛╨╖╨╝╨╛╨╢╨╜╨╛╤Б╤В╤М ╨┤╨╛╨▒╨░╨▓╨╗╨╡╨╜╨╕╤П ╨╝╨╛╨┤╨╕╤Д╨╕╨║╨░╤В╨╛╤А╨░ "required" ╨╕╨╗╨╕ ╨╛╨▒╤К╤П╨▓╨╗╨╡╨╜╨╕╤П ╨╖╨╜╨░╤З╨╡╨╜╨╕╤П ╤Б╨▓╨╛╨╣╤Б╤В╨▓╨╛, ╨┤╨╛╨┐╤Г╤Б╨║╨░╤О╤Й╨╡╨│╨╛ ╨╖╨╜╨░╤З╨╡╨╜╨╕╨╡ NULL. [C:\Users\Asus\Desktop\.NET\Project1\project1\UserManagementApp.csproj]
C:\Users\Asus\Desktop\.NET\Project1\project1\Pages\Profile.razor(118,42): error CS1501: ╨Э╨╕ ╨╛╨┤╨╜╨░ ╨╕╨╖ ╨┐╨╡╤А╨╡╨│╤А╤Г╨╖╨╛╨║ ╨╝╨╡╤В╨╛╨┤╨░ "GetCurrentUserAsync" ╨╜╨╡ ╨┐╤А╨╕╨╜╨╕╨╝╨░╨╡╤В 1 ╨░╤А╨│╤Г╨╝╨╡╨╜╤В╨╛╨▓. [C:\Users\Asus\Desktop\.NET\Project1\project1\UserManagementApp.csproj]

╨Ю╤И╨╕╨▒╨║╨░ ╤Б╨▒╨╛╤А╨║╨╕.

C:\Users\Asus\Desktop\.NET\Project1\project1\Services\ISalesforceService.cs(8,69): warning CS8625: ╨Ы╨╕╤В╨╡╤А╨░╨╗, ╤А╨░╨▓╨╜╤Л╨╣ NULL, ╨╜╨╡ ╨╝╨╛╨╢╨╡╤В ╨▒╤Л╤В╤М ╨┐╤А╨╡╨╛╨▒╤А╨░╨╖╨╛╨▓╨░╨╜ ╨▓ ╤Б╤Б╤Л╨╗╨╛╤З╨╜╤Л╨╣ ╤В╨╕╨┐, ╨╜╨╡ ╨┤╨╛╨┐╤Г╤Б╨║╨░╤О╤Й╨╕╨╣ ╨╖╨╜╨░╤З╨╡╨╜╨╕╨╡ NULL. [C:\Users\Asus\Desktop\.NET\Project1\project1\UserManagementApp.csproj]
C:\Users\Asus\Desktop\.NET\Project1\project1\Services\ISalesforceService.cs(8,92): warning CS8625: ╨Ы╨╕╤В╨╡╤А╨░╨╗, ╤А╨░╨▓╨╜╤Л╨╣ NULL, ╨╜╨╡ ╨╝╨╛╨╢╨╡╤В ╨▒╤Л╤В╤М ╨┐╤А╨╡╨╛╨▒╤А╨░╨╖╨╛╨▓╨░╨╜ ╨▓ ╤Б╤Б╤Л╨╗╨╛╤З╨╜╤Л╨╣ ╤В╨╕╨┐, ╨╜╨╡ ╨┤╨╛╨┐╤Г╤Б╨║╨░╤О╤Й╨╕╨╣ ╨╖╨╜╨░╤З╨╡╨╜╨╕╨╡ NULL. [C:\Users\Asus\Desktop\.NET\Project1\project1\UserManagementApp.csproj]
C:\Users\Asus\Desktop\.NET\Project1\project1\Services\ISalesforceService.cs(9,123): warning CS8625: ╨Ы╨╕╤В╨╡╤А╨░╨╗, ╤А╨░╨▓╨╜╤Л╨╣ NULL, ╨╜╨╡ ╨╝╨╛╨╢╨╡╤В ╨▒╤Л╤В╤М ╨┐╤А╨╡╨╛╨▒╤А╨░╨╖╨╛╨▓╨░╨╜ ╨▓ ╤Б╤Б╤Л╨╗╨╛╤З╨╜╤Л╨╣ ╤В╨╕╨┐, ╨╜╨╡ ╨┤╨╛╨┐╤Г╤Б╨║╨░╤О╤Й╨╕╨╣ ╨╖╨╜╨░╤З╨╡╨╜╨╕╨╡ NULL. [C:\Users\Asus\Desktop\.NET\Project1\project1\UserManagementApp.csproj]
C:\Users\Asus\Desktop\.NET\Project1\project1\Services\ISalesforceService.cs(9,149): warning CS8625: ╨Ы╨╕╤В╨╡╤А╨░╨╗, ╤А╨░╨▓╨╜╤Л╨╣ NULL, ╨╜╨╡ ╨╝╨╛╨╢╨╡╤В ╨▒╤Л╤В╤М ╨┐╤А╨╡╨╛╨▒╤А╨░╨╖╨╛╨▓╨░╨╜ ╨▓ ╤Б╤Б╤Л╨╗╨╛╤З╨╜╤Л╨╣ ╤В╨╕╨┐, ╨╜╨╡ ╨┤╨╛╨┐╤Г╤Б╨║╨░╤О╤Й╨╕╨╣ ╨╖╨╜╨░╤З╨╡╨╜╨╕╨╡ NULL. [C:\Users\Asus\Desktop\.NET\Project1\project1\UserManagementApp.csproj]
C:\Users\Asus\Desktop\.NET\Project1\project1\Services\SalesforceService.cs(65,82): warning CS8625: ╨Ы╨╕╤В╨╡╤А╨░╨╗, ╤А╨░╨▓╨╜╤Л╨╣ NULL, ╨╜╨╡ ╨╝╨╛╨╢╨╡╤В ╨▒╤Л╤В╤М ╨┐╤А╨╡╨╛╨▒╤А╨░╨╖╨╛╨▓╨░╨╜ ╨▓ ╤Б╤Б╤Л╨╗╨╛╤З╨╜╤Л╨╣ ╤В╨╕╨┐, ╨╜╨╡ ╨┤╨╛╨┐╤Г╤Б╨║╨░╤О╤Й╨╕╨╣ ╨╖╨╜╨░╤З╨╡╨╜╨╕╨╡ NULL. [C:\Users\Asus\Desktop\.NET\Project1\project1\UserManagementApp.csproj]
C:\Users\Asus\Desktop\.NET\Project1\project1\Services\SalesforceService.cs(65,105): warning CS8625: ╨Ы╨╕╤В╨╡╤А╨░╨╗, ╤А╨░╨▓╨╜╤Л╨╣ NULL, ╨╜╨╡ ╨╝╨╛╨╢╨╡╤В ╨▒╤Л╤В╤М ╨┐╤А╨╡╨╛╨▒╤А╨░╨╖╨╛╨▓╨░╨╜ ╨▓ ╤Б╤Б╤Л╨╗╨╛╤З╨╜╤Л╨╣ ╤В╨╕╨┐, ╨╜╨╡ ╨┤╨╛╨┐╤Г╤Б╨║╨░╤О╤Й╨╕╨╣ ╨╖╨╜╨░╤З╨╡╨╜╨╕╨╡ NULL. [C:\Users\Asus\Desktop\.NET\Project1\project1\UserManagementApp.csproj]
C:\Users\Asus\Desktop\.NET\Project1\project1\Services\SalesforceService.cs(94,136): warning CS8625: ╨Ы╨╕╤В╨╡╤А╨░╨╗, ╤А╨░╨▓╨╜╤Л╨╣ NULL, ╨╜╨╡ ╨╝╨╛╨╢╨╡╤В ╨▒╤Л╤В╤М ╨┐╤А╨╡╨╛╨▒╤А╨░╨╖╨╛╨▓╨░╨╜ ╨▓ ╤Б╤Б╤Л╨╗╨╛╤З╨╜╤Л╨╣ ╤В╨╕╨┐, ╨╜╨╡ ╨┤╨╛╨┐╤Г╤Б╨║╨░╤О╤Й╨╕╨╣ ╨╖╨╜╨░╤З╨╡╨╜╨╕╨╡ NULL. [C:\Users\Asus\Desktop\.NET\Project1\project1\UserManagementApp.csproj]
C:\Users\Asus\Desktop\.NET\Project1\project1\Services\SalesforceService.cs(94,162): warning CS8625: ╨Ы╨╕╤В╨╡╤А╨░╨╗, ╤А╨░╨▓╨╜╤Л╨╣ NULL, ╨╜╨╡ ╨╝╨╛╨╢╨╡╤В ╨▒╤Л╤В╤М ╨┐╤А╨╡╨╛╨▒╤А╨░╨╖╨╛╨▓╨░╨╜ ╨▓ ╤Б╤Б╤Л╨╗╨╛╤З╨╜╤Л╨╣ ╤В╨╕╨┐, ╨╜╨╡ ╨┤╨╛╨┐╤Г╤Б╨║╨░╤О╤Й╨╕╨╣ ╨╖╨╜╨░╤З╨╡╨╜╨╕╨╡ NULL. [C:\Users\Asus\Desktop\.NET\Project1\project1\UserManagementApp.csproj]
C:\Users\Asus\Desktop\.NET\Project1\project1\Services\SalesforceService.cs(19,16): warning CS8618: ╨┐╨╛╨╗╨╡ "_accessToken", ╨╜╨╡ ╨┤╨╛╨┐╤Г╤Б╨║╨░╤О╤Й╨╕╨╣ ╨╖╨╜╨░╤З╨╡╨╜╨╕╤П NULL, ╨┤╨╛╨╗╨╢╨╡╨╜ ╤Б╨╛╨┤╨╡╤А╨╢╨░╤В╤М ╨╖╨╜╨░╤З╨╡╨╜╨╕╨╡, ╨╛╤В╨╗╨╕╤З╨╜╨╛╨╡ ╨╛╤В NULL, ╨┐╤А╨╕ ╨▓╤Л╤Е╨╛╨┤╨╡ ╨╕╨╖ ╨║╨╛╨╜╤Б╤В╤А╤Г╨║╤В╨╛╤А╨░. ╨а╨░╤Б╤Б╨╝╨╛╤В╤А╨╕╤В╨╡ ╨▓╨╛╨╖╨╝╨╛╨╢╨╜╨╛╤Б╤В╤М ╨┤╨╛╨▒╨░╨▓╨╗╨╡╨╜╨╕╤П ╨╝╨╛╨┤╨╕╤Д╨╕╨║╨░╤В╨╛╤А╨░ "required" ╨╕╨╗╨╕ ╨╛╨▒╤К╤П╨▓╨╗╨╡╨╜╨╕╤П ╨╖╨╜╨░╤З╨╡╨╜╨╕╤П ╨┐╨╛╨╗╨╡, ╨┤╨╛╨┐╤Г╤Б╨║╨░╤О╤Й╨╡╨│╨╛ ╨╖╨╜╨░╤З╨╡╨╜╨╕╨╡ NULL. [C:\Users\Asus\Desktop\.NET\Project1\project1\UserManagementApp.csproj]
C:\Users\Asus\Desktop\.NET\Project1\project1\Services\SalesforceService.cs(41,63): warning CS8604: ╨Т╨╛╨╖╨╝╨╛╨╢╨╜╨╛, ╨░╤А╨│╤Г╨╝╨╡╨╜╤В-╤Б╤Б╤Л╨╗╨║╨░, ╨┤╨╛╨┐╤Г╤Б╨║╨░╤О╤Й╨╕╨╣ ╨╖╨╜╨░╤З╨╡╨╜╨╕╨╡ NULL, ╨┤╨╗╤П ╨┐╨░╤А╨░╨╝╨╡╤В╤А╨░ "value" ╨▓ "KeyValuePair<string, string>.KeyValuePair(string key, string value)". [C:\Users\Asus\Desktop\.NET\Project1\project1\UserManagementApp.csproj]
C:\Users\Asus\Desktop\.NET\Project1\project1\Services\SalesforceService.cs(42,67): warning CS8604: ╨Т╨╛╨╖╨╝╨╛╨╢╨╜╨╛, ╨░╤А╨│╤Г╨╝╨╡╨╜╤В-╤Б╤Б╤Л╨╗╨║╨░, ╨┤╨╛╨┐╤Г╤Б╨║╨░╤О╤Й╨╕╨╣ ╨╖╨╜╨░╤З╨╡╨╜╨╕╨╡ NULL, ╨┤╨╗╤П ╨┐╨░╤А╨░╨╝╨╡╤В╤А╨░ "value" ╨▓ "KeyValuePair<string, string>.KeyValuePair(string key, string value)". [C:\Users\Asus\Desktop\.NET\Project1\project1\UserManagementApp.csproj]
C:\Users\Asus\Desktop\.NET\Project1\project1\Services\SalesforceService.cs(43,62): warning CS8604: ╨Т╨╛╨╖╨╝╨╛╨╢╨╜╨╛, ╨░╤А╨│╤Г╨╝╨╡╨╜╤В-╤Б╤Б╤Л╨╗╨║╨░, ╨┤╨╛╨┐╤Г╤Б╨║╨░╤О╤Й╨╕╨╣ ╨╖╨╜╨░╤З╨╡╨╜╨╕╨╡ NULL, ╨┤╨╗╤П ╨┐╨░╤А╨░╨╝╨╡╤В╤А╨░ "value" ╨▓ "KeyValuePair<string, string>.KeyValuePair(string key, string value)". [C:\Users\Asus\Desktop\.NET\Project1\project1\UserManagementApp.csproj]
C:\Users\Asus\Desktop\.NET\Project1\project1\Services\SalesforceService.cs(44,62): warning CS8604: ╨Т╨╛╨╖╨╝╨╛╨╢╨╜╨╛, ╨░╤А╨│╤Г╨╝╨╡╨╜╤В-╤Б╤Б╤Л╨╗╨║╨░, ╨┤╨╛╨┐╤Г╤Б╨║╨░╤О╤Й╨╕╨╣ ╨╖╨╜╨░╤З╨╡╨╜╨╕╨╡ NULL, ╨┤╨╗╤П ╨┐╨░╤А╨░╨╝╨╡╤В╤А╨░ "value" ╨▓ "KeyValuePair<string, string>.KeyValuePair(string key, string value)". [C:\Users\Asus\Desktop\.NET\Project1\project1\UserManagementApp.csproj]
C:\Users\Asus\Desktop\.NET\Project1\project1\Services\SalesforceService.cs(57,28): warning CS8601: ╨Т╨╛╨╖╨╝╨╛╨╢╨╜╨╛, ╨╜╨░╨╖╨╜╨░╤З╨╡╨╜╨╕╨╡-╤Б╤Б╤Л╨╗╨║╨░, ╨┤╨╛╨┐╤Г╤Б╨║╨░╤О╤Й╨╡╨╡ ╨╖╨╜╨░╤З╨╡╨╜╨╕╨╡ NULL. [C:\Users\Asus\Desktop\.NET\Project1\project1\UserManagementApp.csproj]
C:\Users\Asus\Desktop\.NET\Project1\project1\Services\SalesforceService.cs(62,20): warning CS8603: ╨Т╨╛╨╖╨╝╨╛╨╢╨╜╨╛, ╨▓╨╛╨╖╨▓╤А╨░╤В ╤Б╤Б╤Л╨╗╨║╨╕, ╨┤╨╛╨┐╤Г╤Б╨║╨░╤О╤Й╨╡╨╣ ╨╖╨╜╨░╤З╨╡╨╜╨╕╨╡ NULL. [C:\Users\Asus\Desktop\.NET\Project1\project1\UserManagementApp.csproj]
C:\Users\Asus\Desktop\.NET\Project1\project1\Services\SalesforceService.cs(91,20): warning CS8603: ╨Т╨╛╨╖╨╝╨╛╨╢╨╜╨╛, ╨▓╨╛╨╖╨▓╤А╨░╤В ╤Б╤Б╤Л╨╗╨║╨╕, ╨┤╨╛╨┐╤Г╤Б╨║╨░╤О╤Й╨╡╨╣ ╨╖╨╜╨░╤З╨╡╨╜╨╕╨╡ NULL. [C:\Users\Asus\Desktop\.NET\Project1\project1\UserManagementApp.csproj]
C:\Users\Asus\Desktop\.NET\Project1\project1\Services\SalesforceService.cs(123,20): warning CS8603: ╨Т╨╛╨╖╨╝╨╛╨╢╨╜╨╛, ╨▓╨╛╨╖╨▓╤А╨░╤В ╤Б╤Б╤Л╨╗╨║╨╕, ╨┤╨╛╨┐╤Г╤Б╨║╨░╤О╤Й╨╡╨╣ ╨╖╨╜╨░╤З╨╡╨╜╨╕╨╡ NULL. [C:\Users\Asus\Desktop\.NET\Project1\project1\UserManagementApp.csproj]
C:\Users\Asus\Desktop\.NET\Project1\project1\Shared\SalesforceSyncModal.razor(95,25): warning CS8625: ╨Ы╨╕╤В╨╡╤А╨░╨╗, ╤А╨░╨▓╨╜╤Л╨╣ NULL, ╨╜╨╡ ╨╝╨╛╨╢╨╡╤В ╨▒╤Л╤В╤М ╨┐╤А╨╡╨╛╨▒╤А╨░╨╖╨╛╨▓╨░╨╜ ╨▓ ╤Б╤Б╤Л╨╗╨╛╤З╨╜╤Л╨╣ ╤В╨╕╨┐, ╨╜╨╡ ╨┤╨╛╨┐╤Г╤Б╨║╨░╤О╤Й╨╕╨╣ ╨╖╨╜╨░╤З╨╡╨╜╨╕╨╡ NULL. [C:\Users\Asus\Desktop\.NET\Project1\project1\UserManagementApp.csproj]
C:\Users\Asus\Desktop\.NET\Project1\project1\Shared\SalesforceSyncModal.razor(104,25): warning CS8625: ╨Ы╨╕╤В╨╡╤А╨░╨╗, ╤А╨░╨▓╨╜╤Л╨╣ NULL, ╨╜╨╡ ╨╝╨╛╨╢╨╡╤В ╨▒╤Л╤В╤М ╨┐╤А╨╡╨╛╨▒╤А╨░╨╖╨╛╨▓╨░╨╜ ╨▓ ╤Б╤Б╤Л╨╗╨╛╤З╨╜╤Л╨╣ ╤В╨╕╨┐, ╨╜╨╡ ╨┤╨╛╨┐╤Г╤Б╨║╨░╤О╤Й╨╕╨╣ ╨╖╨╜╨░╤З╨╡╨╜╨╕╨╡ NULL. [C:\Users\Asus\Desktop\.NET\Project1\project1\UserManagementApp.csproj]
C:\Users\Asus\Desktop\.NET\Project1\project1\Shared\SalesforceSyncModal.razor(121,17): warning CS8604: ╨Т╨╛╨╖╨╝╨╛╨╢╨╜╨╛, ╨░╤А╨│╤Г╨╝╨╡╨╜╤В-╤Б╤Б╤Л╨╗╨║╨░, ╨┤╨╛╨┐╤Г╤Б╨║╨░╤О╤Й╨╕╨╣ ╨╖╨╜╨░╤З╨╡╨╜╨╕╨╡ NULL, ╨┤╨╗╤П ╨┐╨░╤А╨░╨╝╨╡╤В╤А╨░ "email" ╨▓ "Task<string> ISalesforceService.CreateContactAsync(string accountId, string firstName, string lastName, string email, string title = null, string department = null)". [C:\Users\Asus\Desktop\.NET\Project1\project1\UserManagementApp.csproj]
C:\Users\Asus\Desktop\.NET\Project1\project1\Shared\SalesforceSyncModal.razor(87,29): warning CS8618: ╤Б╨▓╨╛╨╣╤Б╤В╨▓╨╛ "TargetUser", ╨╜╨╡ ╨┤╨╛╨┐╤Г╤Б╨║╨░╤О╤Й╨╕╨╣ ╨╖╨╜╨░╤З╨╡╨╜╨╕╤П NULL, ╨┤╨╛╨╗╨╢╨╡╨╜ ╤Б╨╛╨┤╨╡╤А╨╢╨░╤В╤М ╨╖╨╜╨░╤З╨╡╨╜╨╕╨╡, ╨╛╤В╨╗╨╕╤З╨╜╨╛╨╡ ╨╛╤В NULL, ╨┐╤А╨╕ ╨▓╤Л╤Е╨╛╨┤╨╡ ╨╕╨╖ ╨║╨╛╨╜╤Б╤В╤А╤Г╨║╤В╨╛╤А╨░. ╨а╨░╤Б╤Б╨╝╨╛╤В╤А╨╕╤В╨╡ ╨▓╨╛╨╖╨╝╨╛╨╢╨╜╨╛╤Б╤В╤М ╨┤╨╛╨▒╨░╨▓╨╗╨╡╨╜╨╕╤П ╨╝╨╛╨┤╨╕╤Д╨╕╨║╨░╤В╨╛╤А╨░ "required" ╨╕╨╗╨╕ ╨╛╨▒╤К╤П╨▓╨╗╨╡╨╜╨╕╤П ╨╖╨╜╨░╤З╨╡╨╜╨╕╤П ╤Б╨▓╨╛╨╣╤Б╤В╨▓╨╛, ╨┤╨╛╨┐╤Г╤Б╨║╨░╤О╤Й╨╡╨│╨╛ ╨╖╨╜╨░╤З╨╡╨╜╨╕╨╡ NULL. [C:\Users\Asus\Desktop\.NET\Project1\project1\UserManagementApp.csproj]
C:\Users\Asus\Desktop\.NET\Project1\project1\Shared\SalesforceSyncModal.razor(91,20): warning CS8618: ╨┐╨╛╨╗╨╡ "_errorMessage", ╨╜╨╡ ╨┤╨╛╨┐╤Г╤Б╨║╨░╤О╤Й╨╕╨╣ ╨╖╨╜╨░╤З╨╡╨╜╨╕╤П NULL, ╨┤╨╛╨╗╨╢╨╡╨╜ ╤Б╨╛╨┤╨╡╤А╨╢╨░╤В╤М ╨╖╨╜╨░╤З╨╡╨╜╨╕╨╡, ╨╛╤В╨╗╨╕╤З╨╜╨╛╨╡ ╨╛╤В NULL, ╨┐╤А╨╕ ╨▓╤Л╤Е╨╛╨┤╨╡ ╨╕╨╖ ╨║╨╛╨╜╤Б╤В╤А╤Г╨║╤В╨╛╤А╨░. ╨а╨░╤Б╤Б╨╝╨╛╤В╤А╨╕╤В╨╡ ╨▓╨╛╨╖╨╝╨╛╨╢╨╜╨╛╤Б╤В╤М ╨┤╨╛╨▒╨░╨▓╨╗╨╡╨╜╨╕╤П ╨╝╨╛╨┤╨╕╤Д╨╕╨║╨░╤В╨╛╤А╨░ "required" ╨╕╨╗╨╕ ╨╛╨▒╤К╤П╨▓╨╗╨╡╨╜╨╕╤П ╨╖╨╜╨░╤З╨╡╨╜╨╕╤П ╨┐╨╛╨╗╨╡, ╨┤╨╛╨┐╤Г╤Б╨║╨░╤О╤Й╨╡╨│╨╛ ╨╖╨╜╨░╤З╨╡╨╜╨╕╨╡ NULL. [C:\Users\Asus\Desktop\.NET\Project1\project1\UserManagementApp.csproj]
C:\Users\Asus\Desktop\.NET\Project1\project1\Shared\SalesforceSyncModal.razor(142,23): warning CS8618: ╤Б╨▓╨╛╨╣╤Б╤В╨▓╨╛ "CompanyName", ╨╜╨╡ ╨┤╨╛╨┐╤Г╤Б╨║╨░╤О╤Й╨╕╨╣ ╨╖╨╜╨░╤З╨╡╨╜╨╕╤П NULL, ╨┤╨╛╨╗╨╢╨╡╨╜ ╤Б╨╛╨┤╨╡╤А╨╢╨░╤В╤М ╨╖╨╜╨░╤З╨╡╨╜╨╕╨╡, ╨╛╤В╨╗╨╕╤З╨╜╨╛╨╡ ╨╛╤В NULL, ╨┐╤А╨╕ ╨▓╤Л╤Е╨╛╨┤╨╡ ╨╕╨╖ ╨║╨╛╨╜╤Б╤В╤А╤Г╨║╤В╨╛╤А╨░. ╨а╨░╤Б╤Б╨╝╨╛╤В╤А╨╕╤В╨╡ ╨▓╨╛╨╖╨╝╨╛╨╢╨╜╨╛╤Б╤В╤М ╨┤╨╛╨▒╨░╨▓╨╗╨╡╨╜╨╕╤П ╨╝╨╛╨┤╨╕╤Д╨╕╨║╨░╤В╨╛╤А╨░ "required" ╨╕╨╗╨╕ ╨╛╨▒╤К╤П╨▓╨╗╨╡╨╜╨╕╤П ╨╖╨╜╨░╤З╨╡╨╜╨╕╤П ╤Б╨▓╨╛╨╣╤Б╤В╨▓╨╛, ╨┤╨╛╨┐╤Г╤Б╨║╨░╤О╤Й╨╡╨│╨╛ ╨╖╨╜╨░╤З╨╡╨╜╨╕╨╡ NULL. [C:\Users\Asus\Desktop\.NET\Project1\project1\UserManagementApp.csproj]
C:\Users\Asus\Desktop\.NET\Project1\project1\Shared\SalesforceSyncModal.razor(143,23): warning CS8618: ╤Б╨▓╨╛╨╣╤Б╤В╨▓╨╛ "Phone", ╨╜╨╡ ╨┤╨╛╨┐╤Г╤Б╨║╨░╤О╤Й╨╕╨╣ ╨╖╨╜╨░╤З╨╡╨╜╨╕╤П NULL, ╨┤╨╛╨╗╨╢╨╡╨╜ ╤Б╨╛╨┤╨╡╤А╨╢╨░╤В╤М ╨╖╨╜╨░╤З╨╡╨╜╨╕╨╡, ╨╛╤В╨╗╨╕╤З╨╜╨╛╨╡ ╨╛╤В NULL, ╨┐╤А╨╕ ╨▓╤Л╤Е╨╛╨┤╨╡ ╨╕╨╖ ╨║╨╛╨╜╤Б╤В╤А╤Г╨║╤В╨╛╤А╨░. ╨а╨░╤Б╤Б╨╝╨╛╤В╤А╨╕╤В╨╡ ╨▓╨╛╨╖╨╝╨╛╨╢╨╜╨╛╤Б╤В╤М ╨┤╨╛╨▒╨░╨▓╨╗╨╡╨╜╨╕╤П ╨╝╨╛╨┤╨╕╤Д╨╕╨║╨░╤В╨╛╤А╨░ "required" ╨╕╨╗╨╕ ╨╛╨▒╤К╤П╨▓╨╗╨╡╨╜╨╕╤П ╨╖╨╜╨░╤З╨╡╨╜╨╕╤П ╤Б╨▓╨╛╨╣╤Б╤В╨▓╨╛, ╨┤╨╛╨┐╤Г╤Б╨║╨░╤О╤Й╨╡╨│╨╛ ╨╖╨╜╨░╤З╨╡╨╜╨╕╨╡ NULL. [C:\Users\Asus\Desktop\.NET\Project1\project1\UserManagementApp.csproj]
C:\Users\Asus\Desktop\.NET\Project1\project1\Shared\SalesforceSyncModal.razor(144,23): warning CS8618: ╤Б╨▓╨╛╨╣╤Б╤В╨▓╨╛ "Website", ╨╜╨╡ ╨┤╨╛╨┐╤Г╤Б╨║╨░╤О╤Й╨╕╨╣ ╨╖╨╜╨░╤З╨╡╨╜╨╕╤П NULL, ╨┤╨╛╨╗╨╢╨╡╨╜ ╤Б╨╛╨┤╨╡╤А╨╢╨░╤В╤М ╨╖╨╜╨░╤З╨╡╨╜╨╕╨╡, ╨╛╤В╨╗╨╕╤З╨╜╨╛╨╡ ╨╛╤В NULL, ╨┐╤А╨╕ ╨▓╤Л╤Е╨╛╨┤╨╡ ╨╕╨╖ ╨║╨╛╨╜╤Б╤В╤А╤Г╨║╤В╨╛╤А╨░. ╨а╨░╤Б╤Б╨╝╨╛╤В╤А╨╕╤В╨╡ ╨▓╨╛╨╖╨╝╨╛╨╢╨╜╨╛╤Б╤В╤М ╨┤╨╛╨▒╨░╨▓╨╗╨╡╨╜╨╕╤П ╨╝╨╛╨┤╨╕╤Д╨╕╨║╨░╤В╨╛╤А╨░ "required" ╨╕╨╗╨╕ ╨╛╨▒╤К╤П╨▓╨╗╨╡╨╜╨╕╤П ╨╖╨╜╨░╤З╨╡╨╜╨╕╤П ╤Б╨▓╨╛╨╣╤Б╤В╨▓╨╛, ╨┤╨╛╨┐╤Г╤Б╨║╨░╤О╤Й╨╡╨│╨╛ ╨╖╨╜╨░╤З╨╡╨╜╨╕╨╡ NULL. [C:\Users\Asus\Desktop\.NET\Project1\project1\UserManagementApp.csproj]
C:\Users\Asus\Desktop\.NET\Project1\project1\Shared\SalesforceSyncModal.razor(145,23): warning CS8618: ╤Б╨▓╨╛╨╣╤Б╤В╨▓╨╛ "JobTitle", ╨╜╨╡ ╨┤╨╛╨┐╤Г╤Б╨║╨░╤О╤Й╨╕╨╣ ╨╖╨╜╨░╤З╨╡╨╜╨╕╤П NULL, ╨┤╨╛╨╗╨╢╨╡╨╜ ╤Б╨╛╨┤╨╡╤А╨╢╨░╤В╤М ╨╖╨╜╨░╤З╨╡╨╜╨╕╨╡, ╨╛╤В╨╗╨╕╤З╨╜╨╛╨╡ ╨╛╤В NULL, ╨┐╤А╨╕ ╨▓╤Л╤Е╨╛╨┤╨╡ ╨╕╨╖ ╨║╨╛╨╜╤Б╤В╤А╤Г╨║╤В╨╛╤А╨░. ╨а╨░╤Б╤Б╨╝╨╛╤В╤А╨╕╤В╨╡ ╨▓╨╛╨╖╨╝╨╛╨╢╨╜╨╛╤Б╤В╤М ╨┤╨╛╨▒╨░╨▓╨╗╨╡╨╜╨╕╤П ╨╝╨╛╨┤╨╕╤Д╨╕╨║╨░╤В╨╛╤А╨░ "required" ╨╕╨╗╨╕ ╨╛╨▒╤К╤П╨▓╨╗╨╡╨╜╨╕╤П ╨╖╨╜╨░╤З╨╡╨╜╨╕╤П ╤Б╨▓╨╛╨╣╤Б╤В╨▓╨╛, ╨┤╨╛╨┐╤Г╤Б╨║╨░╤О╤Й╨╡╨│╨╛ ╨╖╨╜╨░╤З╨╡╨╜╨╕╨╡ NULL. [C:\Users\Asus\Desktop\.NET\Project1\project1\UserManagementApp.csproj]
C:\Users\Asus\Desktop\.NET\Project1\project1\Shared\SalesforceSyncModal.razor(146,23): warning CS8618: ╤Б╨▓╨╛╨╣╤Б╤В╨▓╨╛ "Department", ╨╜╨╡ ╨┤╨╛╨┐╤Г╤Б╨║╨░╤О╤Й╨╕╨╣ ╨╖╨╜╨░╤З╨╡╨╜╨╕╤П NULL, ╨┤╨╛╨╗╨╢╨╡╨╜ ╤Б╨╛╨┤╨╡╤А╨╢╨░╤В╤М ╨╖╨╜╨░╤З╨╡╨╜╨╕╨╡, ╨╛╤В╨╗╨╕╤З╨╜╨╛╨╡ ╨╛╤В NULL, ╨┐╤А╨╕ ╨▓╤Л╤Е╨╛╨┤╨╡ ╨╕╨╖ ╨║╨╛╨╜╤Б╤В╤А╤Г╨║╤В╨╛╤А╨░. ╨а╨░╤Б╤Б╨╝╨╛╤В╤А╨╕╤В╨╡ ╨▓╨╛╨╖╨╝╨╛╨╢╨╜╨╛╤Б╤В╤М ╨┤╨╛╨▒╨░╨▓╨╗╨╡╨╜╨╕╤П ╨╝╨╛╨┤╨╕╤Д╨╕╨║╨░╤В╨╛╤А╨░ "required" ╨╕╨╗╨╕ ╨╛╨▒╤К╤П╨▓╨╗╨╡╨╜╨╕╤П ╨╖╨╜╨░╤З╨╡╨╜╨╕╤П ╤Б╨▓╨╛╨╣╤Б╤В╨▓╨╛, ╨┤╨╛╨┐╤Г╤Б╨║╨░╤О╤Й╨╡╨│╨╛ ╨╖╨╜╨░╤З╨╡╨╜╨╕╨╡ NULL. [C:\Users\Asus\Desktop\.NET\Project1\project1\UserManagementApp.csproj]
C:\Users\Asus\Desktop\.NET\Project1\project1\Pages\Profile.razor(118,42): error CS1501: ╨Э╨╕ ╨╛╨┤╨╜╨░ ╨╕╨╖ ╨┐╨╡╤А╨╡╨│╤А╤Г╨╖╨╛╨║ ╨╝╨╡╤В╨╛╨┤╨░ "GetCurrentUserAsync" ╨╜╨╡ ╨┐╤А╨╕╨╜╨╕╨╝╨░╨╡╤В 1 ╨░╤А╨│╤Г╨╝╨╡╨╜╤В╨╛╨▓. [C:\Users\Asus\Desktop\.NET\Project1\project1\UserManagementApp.csproj]
    ╨Я╤А╨╡╨┤╤Г╨┐╤А╨╡╨╢╨┤╨╡╨╜╨╕╨╣: 27
    ╨Ю╤И╨╕╨▒╨╛╨║: 1

╨Я╤А╨╛╤И╨╗╨╛ ╨▓╤А╨╡╨╝╨╡╨╜╨╕ 00:00:01.75
